// Vitest Snapshot v1, https://vitest.dev/guide/snapshot.html

exports[`parser:bad 1`] = `
[
  {
    "message": "Unexpected start of statement: 'func'.",
    "position": {
      "column": 0,
      "index": 34,
      "row": 3,
    },
  },
  {
    "message": "Expected parameter.",
    "position": {
      "column": 12,
      "index": 46,
      "row": 3,
    },
  },
  {
    "message": "Unexpected start of statement: '<eof>'.",
    "position": {
      "column": 27,
      "index": 75,
      "row": 4,
    },
  },
]
`;

exports[`prettySyntaxTree:bad 1`] = `
"Root@2:1
  FuncDecl@2:1
    "func"@2:1
    "add"@2:6
    "("@2:9
    FuncParam@2:10
      "a"@2:10
      ":"@2:11
      NameType@2:13
        "Int"@2:13
    ","@2:16
    FuncParam@2:18
      "b"@2:18
      ":"@2:19
      NameType@2:21
        "Int"@2:21
    ")"@2:24
    ":"@2:25
    NameType@2:27
      "Int"@2:27
    BlockStmt@2:31
      "{"@2:31
      MISSING "}"@4:1
  FuncDecl@4:1
    "func"@4:1
    "maine"@4:6
    "("@4:11
    MISSING ","@4:13
    MISSING ")"@4:13
    BlockStmt@4:13
      "{"@4:13
      ExprStmt@5:5
        CallExpr@5:5
          NameExpr@5:5
            "print"@5:5
          "("@5:10
          StringLiteral@5:11
            "\\"Helo wolrdn\\\\n\\""@5:11
          ")"@5:26
        ";"@5:27
      Error@5:28
        ""@5:28
      MISSING "}"@5:28
  ""@5:28
"
`;

exports[`prettySyntaxTree:good 1`] = `
"Root@2:1
  StructDecl@2:1
    "struct"@2:1
    "Point"@2:8
    "{"@2:14
    StructMember@3:5
      "x"@3:5
      ":"@3:6
      NameType@3:8
        "Int"@3:8
    ","@3:11
    StructMember@4:5
      "y"@4:5
      ":"@4:6
      NameType@4:8
        "Int"@4:8
    ","@4:11
    "}"@5:1
  FuncDecl@6:1
    "func"@6:1
    "sqr_dst"@6:6
    "("@6:13
    FuncParam@6:14
      "p1"@6:14
      ":"@6:16
      PointerType@6:18
        "*"@6:18
        NameType@6:19
          "Point"@6:19
    ","@6:24
    FuncParam@6:26
      "p2"@6:26
      ":"@6:28
      PointerType@6:30
        "*"@6:30
        NameType@6:31
          "Point"@6:31
    ")"@6:36
    ":"@6:37
    NameType@6:39
      "Int"@6:39
    BlockStmt@6:43
      "{"@6:43
      VarStmt@7:5
        "var"@7:5
        "dx"@7:9
        "="@7:12
        BinaryExpr@7:14
          FieldExpr@7:14
            NameExpr@7:14
              "p2"@7:14
            "."@7:16
            "x"@7:17
          "-"@7:19
          FieldExpr@7:21
            NameExpr@7:21
              "p1"@7:21
            "."@7:23
            "x"@7:24
        ";"@7:25
      VarStmt@8:5
        "var"@8:5
        "dy"@8:9
        "="@8:12
        BinaryExpr@8:14
          FieldExpr@8:14
            NameExpr@8:14
              "p2"@8:14
            "."@8:16
            "y"@8:17
          "-"@8:19
          FieldExpr@8:21
            NameExpr@8:21
              "p1"@8:21
            "."@8:23
            "y"@8:24
        ";"@8:25
      ReturnStmt@9:5
        "return"@9:5
        BinaryExpr@9:12
          BinaryExpr@9:12
            NameExpr@9:12
              "dx"@9:12
            "*"@9:15
            NameExpr@9:17
              "dx"@9:17
          "+"@9:20
          BinaryExpr@9:22
            NameExpr@9:22
              "dy"@9:22
            "*"@9:25
            NameExpr@9:27
              "dy"@9:27
        ";"@9:29
      "}"@10:1
  ""@10:2
"
`;
